<?xml version="1.0" encoding="UTF-8"?>
<testsuites name="jest tests" tests="10" failures="0" errors="0" time="16.732">
  <testsuite name="AppComponent" errors="0" failures="0" skipped="2" timestamp="2023-03-04T20:13:49" time="5.418" tests="2">
    <testcase classname="AppComponent should create the app" name="AppComponent should create the app" time="0">
      <skipped/>
    </testcase>
    <testcase classname="AppComponent should render title" name="AppComponent should render title" time="0">
      <skipped/>
    </testcase>
  </testsuite>
  <testsuite name="ActivitiesItemComponent" errors="0" failures="0" skipped="1" timestamp="2023-03-04T20:13:55" time="0.89" tests="1">
    <testcase classname="ActivitiesItemComponent should create" name="ActivitiesItemComponent should create" time="0">
      <skipped/>
    </testcase>
  </testsuite>
  <testsuite name="MonitorNavComponent" errors="0" failures="0" skipped="1" timestamp="2023-03-04T20:13:56" time="0.901" tests="1">
    <testcase classname="MonitorNavComponent should create" name="MonitorNavComponent should create" time="0">
      <skipped/>
    </testcase>
  </testsuite>
  <testsuite name="ActivitiesComponent" errors="0" failures="0" skipped="1" timestamp="2023-03-04T20:13:57" time="1.088" tests="1">
    <testcase classname="ActivitiesComponent should create" name="ActivitiesComponent should create" time="0">
      <skipped/>
    </testcase>
  </testsuite>
  <testsuite name="LoadChartComponent" errors="0" failures="0" skipped="1" timestamp="2023-03-04T20:13:58" time="1.461" tests="1">
    <testcase classname="LoadChartComponent should create" name="LoadChartComponent should create" time="0">
      <skipped/>
    </testcase>
  </testsuite>
  <testsuite name="BannerComponent" errors="0" failures="0" skipped="1" timestamp="2023-03-04T20:14:00" time="0.782" tests="1">
    <testcase classname="BannerComponent should create" name="BannerComponent should create" time="0">
      <skipped/>
    </testcase>
  </testsuite>
  <testsuite name="InfoComponent" errors="0" failures="0" skipped="1" timestamp="2023-03-04T20:14:00" time="0.78" tests="1">
    <testcase classname="InfoComponent should create" name="InfoComponent should create" time="0">
      <skipped/>
    </testcase>
  </testsuite>
  <testsuite name="CpuLoadGateway" errors="0" failures="0" skipped="1" timestamp="2023-03-04T20:14:01" time="3.158" tests="1">
    <testcase classname="CpuLoadGateway should be defined" name="CpuLoadGateway should be defined" time="0">
      <skipped/>
    </testcase>
  </testsuite>
  <testsuite name="GET /" errors="0" failures="0" skipped="0" timestamp="2023-03-04T20:14:04" time="0.323" tests="1">
    <testcase classname="GET / should return a message" name="GET / should return a message" time="0.032">
    </testcase>
  </testsuite>
</testsuites>